
Processing: user_runstring = ./Portfolio.py --ac_web_update --pfile demo_data_file.xml


Processing: --ac_web_update

