
Processing: user_runstring = ./Portfolio.py --price_web_update --pfile demo_data_file.xml


Processing: --price_web_update

