
Processing: user_runstring = ./Portfolio.py --pt show_percent --pfile demo_data_file.xml


Processing: --pt show_percent
-----------------------------------------------------------------------------------------------------------
                          Tot        Tot    Tot        Ret        Ret    Ret    Non_Ret    Non_Ret  Non_Ret
Asset_Class         inv_count        amt    pct  inv_count        amt    pct  inv_count        amt      pct
Energy                      4   97837.40  11.39          3   77939.40  15.04          1   19898.00     5.84
Global                      6   57632.60   6.71          4   48694.30   9.40          2    8938.30     2.62
Healthcare                  2   25640.10   2.98          1    4135.50   0.80          1   21504.60     6.31
Individual_Stocks           1   25878.60   3.01          0       0.00   0.00          1   25878.60     7.59
Large_Blend                 3   43508.60   5.06          2   23145.60   4.47          1   20363.00     5.97
Large_Growth                4  107245.50  12.48          2   77404.00  14.94          2   29841.50     8.75
Large_Value                 3   47526.30   5.53          2   32897.70   6.35          1   14628.60     4.29
Mid_Blend_Aggress           3   73973.90   8.61          0       0.00   0.00          3   73973.90    21.70
Mid_Growth                  5   85482.90   9.95          3   69038.00  13.32          2   16444.90     4.82
Mid_Value                   5   54082.80   6.30          3   30378.20   5.86          2   23704.60     6.95
REIT                        5  114252.00  13.30          4   79805.80  15.40          1   34446.20    10.10
Small_Blend                 2   23496.80   2.74          1    4477.20   0.86          1   19019.60     5.58
Small_Growth                4   82504.50   9.60          3   67261.80  12.98          1   15242.70     4.47
Small_Value                 2   20006.80   2.33          1    2970.00   0.57          1   17036.80     5.00
Totals                     49  859068.80  99.99         29  518147.50  99.99         20  340921.30    99.99
                                                                                                           

