
Processing: user_runstring = ./Portfolio.py --price_web_update --pt show --pfile demo_data_file.xml

Processing: --price_web_update

Processing:  --pt show
--pt show = --pt show_percent and --pt show_ac_misc_totals

Processing:  --pt show_percent

--------------------------------------------------------------------------------------------------------
                          Tot       Tot    Tot        Ret       Ret    Ret    Non_Ret   Non_Ret  Non_Ret
Asset_Class         inv_count       amt    pct  inv_count       amt    pct  inv_count       amt      pct
Energy                      4   93850.2  10.69          3   74764.2  14.14          1   19086.0     5.46
Global                      6   59391.2   6.76          4   49862.5   9.43          2    9528.7     2.73
Healthcare                  2   26725.1   3.04          1    4310.5   0.81          1   22414.6     6.42
Individual_Stocks           1   28803.6   3.28          0       0.0   0.00          1   28803.6     8.25
Large_Blend                 3   45069.9   5.13          2   24038.4   4.55          1   21031.5     6.02
Large_Growth                4  115412.1  13.14          2   83375.8  15.76          2   32036.3     9.17
Large_Value                 3   48781.8   5.55          2   33768.9   6.38          1   15012.9     4.30
Mid_Blend_Aggress           3   75211.4   8.56          0       0.0   0.00          3   75211.4    21.53
Mid_Growth                  5   90689.3  10.33          3   73413.1  13.88          2   17276.2     4.95
Mid_Value                   5   55138.6   6.28          3   31114.6   5.88          2   24024.0     6.88
REIT                        5  111152.0  12.66          4   77639.6  14.68          1   33512.4     9.59
Small_Blend                 2   23377.5   2.66          1    4466.7   0.84          1   18910.8     5.41
Small_Growth                4   84902.2   9.67          3   69216.2  13.09          1   15686.0     4.49
Small_Value                 2   19711.0   2.24          1    2927.0   0.55          1   16784.0     4.80
Totals                     49  878215.9  99.99         29  528897.5  99.99         20  349318.4   100.00
                                                                                                        

Processing:  --pt show_ac_misc_totals

-----------------------------------------------------------------------------------------------
                     Tot       Tot     Tot    Ret       Ret     Ret  Non_Ret   Non_Ret  Non_Ret
                   count       amt     pct  count       amt     pct    count       amt      pct
Asset Classes         14                       12                         14                   
                                                                                               
                                                                                               
Vanguard              42  706033.9   80.39     25  407030.4   76.96       17  299003.5    85.60
Fidelity               6  143378.4   16.33      4  121867.1   23.04        2   21511.3     6.16
Schwab                 1   28803.6    3.28      0       0.0    0.00        1   28803.6     8.25
Totals                49  878215.9  100.00     29  528897.5  100.00       20  349318.4   100.01
                                                                                               
                                                                                               
retirement_class      49  878215.9  100.00     29  528897.5   60.22       20  349318.4    39.78
                                                                                               
owner2                26  439961.1   50.10     16  256353.7   48.47       10  183607.4    52.56
owner1                23  438254.8   49.90     13  272543.8   51.53       10  165711.0    47.44
Totals                49  878215.9  100.00     29  528897.5  100.00       20  349318.4   100.00
                                                                                               

